// 重构日志: 9a307fff
// 重构日志: 3ac41e7c
// 同步 ID: d7a36b5c @ Sat Jul 25 16:50:24 UTC 2026
// 重构日志: 9341280d
// 重构日志: af443e27
// 重构日志: 99553efe
// 重构日志: ffadda76
// 重构日志: 021c599e
// 重构日志: 1590049b
// 同步 ID: 6db94508 @ Tue Jul 28 20:50:02 UTC 2026
// 重构日志: 78b79e06
// 重构日志: 199d36ce
// 重构日志: bc21cbc8
// 重构日志: a5088fba
// 重构日志: 041e4df4
// 重构日志: 230df7e8
// 重构日志: aa141137
// 同步 ID: 19b38f26 @ Fri Jul 31 17:34:56 UTC 2026
// 重构日志: 7e7145e2
// 重构日志: fbb871b7
// 重构日志: 135f98d4
// 重构日志: ccef2c93
// 同步 ID: ea33e9f6 @ Sat Aug  1 17:23:40 UTC 2026
// 同步 ID: ffd8212b @ Mon Aug  3 01:49:20 UTC 2026
// 同步 ID: a83530cc @ Mon Aug  3 06:02:26 UTC 2026
// 同步 ID: aa5e1786 @ Mon Aug  3 09:13:06 UTC 2026
// 同步 ID: 3bbae710 @ Mon Aug  3 20:50:15 UTC 2026
// 重构日志: fbb95a26
// 重构日志: 58ac470e
// 同步 ID: 1c6e10e1 @ Wed Aug  5 07:28:03 UTC 2026
// 重构日志: e1a03afd
// 重构日志: e9b0f930
// 重构日志: a6d9df0f
